Microchip MPLAB XC8 Compiler V2.41

Linker command line:

-W-3 \
  --edf=E:\Program Files\Microchip\xc8\v2.41\pic\dat\20230208172133_en.msgs \
  -cn -h+dist/default/debug\PIC18f_lib.X.debug.sym \
  --cmf=dist/default/debug\PIC18f_lib.X.debug.cmf -z -w9 --disl=596:off \
  -Q18F4620 -oC:\Users\Unlimited\AppData\Local\Temp\xcAs6t0.\driver_tmp_3.o \
  --defsym=__MPLAB_BUILD=1 -Mdist/default/debug/PIC18f_lib.X.debug.map \
  --md=C:\Users\Unlimited\AppData\Local\Temp\xcAs6t0.\driver_tmp_0.dat -E1 \
  -ver=XC8 Compiler --acfsm=1493 -ACODE=00h-0FFFFh -ACONST=00h-0FFFFh \
  -ASMALLCONST=01000h-010FFhx240 -AMEDIUMCONST=01000h-0FFFFh \
  -ACOMRAM=01h-07Fh -AABS1=00h-0F7Fh -ABIGRAM=01h-0F7Fh \
  -ARAM=080h-0FFh,0100h-01FFhx14,0F00h-0F7Fh -ABANK0=080h-0FFh \
  -ABANK1=0100h-01FFh -ABANK2=0200h-02FFh -ABANK3=0300h-03FFh \
  -ABANK4=0400h-04FFh -ABANK5=0500h-05FFh -ABANK6=0600h-06FFh \
  -ABANK7=0700h-07FFh -ABANK8=0800h-08FFh -ABANK9=0900h-09FFh \
  -ABANK10=0A00h-0AFFh -ABANK11=0B00h-0BFFh -ABANK12=0C00h-0CFFh \
  -ABANK13=0D00h-0DFFh -ABANK14=0E00h-0EFFh -ABANK15=0F00h-0F7Fh \
  -ASFR=0F80h-0FFFh -ABIGSFR=0F80h-0FFFh -ACONFIG=0300000h-030000Dh \
  -AIDLOC=0200000h-0200007h -AEEDATA=0F00000h-0F003FFh -peeprom_data=EEDATA \
  -preset_vec=00h,intcode,intcodelo,powerup,init -pramtop=01000h \
  -psmallconst=SMALLCONST -pmediumconst=MEDIUMCONST -pconst=CONST \
  -AFARRAM=00h-00h \
  -prdata=COMRAM,nvrram=COMRAM,nvbit=COMRAM,rbss=COMRAM,rbit=COMRAM \
  -pfarbss=FARRAM,fardata=FARRAM,nvFARRAM=FARRAM \
  -pintsave_regs=BIGRAM,bigbss=BIGRAM,bigdata=BIGRAM -pbss=RAM \
  -pidata=CODE,irdata=CODE,ibigdata=CODE,ifardata=CODE \
  C:\Users\Unlimited\AppData\Local\Temp\xcAs6t0.\driver_tmp_9.o \
  dist/default/debug\PIC18f_lib.X.debug.o 

Object code version is 3.11

Machine type is 18F4620



                Name                               Link     Load   Length Selector   Space Scale
C:\Users\Unlimited\AppData\Local\Temp\xcAs6t0.\driver_tmp_9.o
                idloc                            200000   200000        8        0       5
                config                           300000   300000        E        0       4
                init                                  6        6        4        0       0
dist/default/debug\PIC18f_lib.X.debug.o
                intcode                               0        0        6        0       0
                idloc                            200000   200000        8        0       5
                config                           300000   300000        E        0       4
                temp                                 7A       7A        1        1       1
                smallconst                         1000     1000        6      800       0
                text15                             155C     155C        4      A4F       0
                text14                             1558     1558        4      A4F       0
                text13                             1554     1554        4      A4F       0
                text12                             1550     1550        4      A4F       0
                text11                             154C     154C        4      A4F       0
                text10                             14EC     14EC       1A      A4F       0
                text9                              14D2     14D2       1A      A4F       0
                text8                              14B8     14B8       1A      A4F       0
                text7                              149E     149E       1A      A4F       0
                text6                              1530     1530        C      A4F       0
                text5                              1524     1524        C      A4F       0
                text4                              1544     1544        8      A4F       0
                text3                              1516     1516        E      A4F       0
                text2                              143E     143E       36      803       0
                intcode_body                       1006     1006      3D6      803       0
                text0                              153C     153C        8      A4F       0
                cstackCOMRAM                         6B       6B        F        1       1
                dataBANK0                            80       80       10       80       1
                bssBANK0                             90       90        B       80       1
                dataCOMRAM                           42       42       29        1       1
                bssCOMRAM                             1        1       41        1       1
                cinit                              13DC     13DC       62      803       0
                idataBANK0                         1506     1506       10      A4F       0
                idataCOMRAM                        1474     1474       29      803       0

TOTAL           Name                               Link     Load   Length     Space
        CLASS   CODE           
                intcode                               0        0        6         0
                init                                  6        6        4         0
                text15                             155C     155C        4         0
                text14                             1558     1558        4         0
                text13                             1554     1554        4         0
                text12                             1550     1550        4         0
                text11                             154C     154C        4         0
                text10                             14EC     14EC       1A         0
                text9                              14D2     14D2       1A         0
                text8                              14B8     14B8       1A         0
                text7                              149E     149E       1A         0
                text6                              1530     1530        C         0
                text5                              1524     1524        C         0
                text4                              1544     1544        8         0
                text3                              1516     1516        E         0
                text2                              143E     143E       36         0
                intcode_body                       1006     1006      3D6         0
                text0                              153C     153C        8         0
                cinit                              13DC     13DC       62         0
                idataBANK0                         1506     1506       10         0
                idataCOMRAM                        1474     1474       29         0

        CLASS   CONST          

        CLASS   SMALLCONST     
                smallconst                         1000     1000        6         0

        CLASS   MEDIUMCONST    

        CLASS   COMRAM         
                temp                                 7A       7A        1         1
                cstackCOMRAM                         6B       6B        F         1
                dataCOMRAM                           42       42       29         1
                bssCOMRAM                             1        1       41         1

        CLASS   ABS1           

        CLASS   BIGRAM         

        CLASS   RAM            

        CLASS   BANK0          
                dataBANK0                            80       80       10         1
                bssBANK0                             90       90        B         1

        CLASS   BANK1          

        CLASS   BANK2          

        CLASS   BANK3          

        CLASS   BANK4          

        CLASS   BANK5          

        CLASS   BANK6          

        CLASS   BANK7          

        CLASS   BANK8          

        CLASS   BANK9          

        CLASS   BANK10         

        CLASS   BANK11         

        CLASS   BANK12         

        CLASS   BANK13         

        CLASS   BANK14         

        CLASS   BANK15         

        CLASS   SFR            

        CLASS   BIGSFR         

        CLASS   CONFIG         
                config                           300000   300000        E         4

        CLASS   IDLOC          
                idloc                            200000   200000        8         5

        CLASS   EEDATA         

        CLASS   FARRAM         

        CLASS   HEAP           

        CLASS   STACK          



SEGMENTS        Name                           Load    Length   Top    Selector   Space  Class

                reset_vec                      000000  00000A  00000A         0       0  CODE    
                bssCOMRAM                      000001  00007A  00007B         1       1  COMRAM  
                dataBANK0                      000080  00001B  00009B        80       1  BANK0   
                smallconst                     001000  000006  001006       800       0  SMALLCON
                intcode_body                   001006  000497  00149D       803       0  CODE    
                text7                          00149E  0000C2  001560       A4F       0  CODE    


UNUSED ADDRESS RANGES

        Name                Unused          Largest block    Delta
        BANK0            00009B-0000FF               65
        BANK1            000100-0001FF              100
        BANK10           000A00-000AFF              100
        BANK11           000B00-000BFF              100
        BANK12           000C00-000CFF              100
        BANK13           000D00-000DFF              100
        BANK14           000E00-000EFF              100
        BANK15           000F00-000F7F               80
        BANK2            000200-0002FF              100
        BANK3            000300-0003FF              100
        BANK4            000400-0004FF              100
        BANK5            000500-0005FF              100
        BANK6            000600-0006FF              100
        BANK7            000700-0007FF              100
        BANK8            000800-0008FF              100
        BANK9            000900-0009FF              100
        BIGRAM           00007B-00007F                5
                         00009B-000F7F              EE5
        BIGSFR           000F80-000FFF               80
        CODE             00000A-000FFF              FF6
                         00149D-00149D                1
                         001560-00FFFF             EAA0
        COMRAM           00007B-00007F                5
        CONST            00000A-000FFF              FF6
                         00149D-00149D                1
                         001560-00FFFF             EAA0
        EEDATA           F00000-F003FF              400
        MEDIUMCONST      00149D-00149D                1
                         001560-00FFFF             EAA0
        RAM              00009B-000F7F              100
        SFR              000F80-000FFF               80
        SMALLCONST       00149D-00149D                1
                         001560-00FFFF              100

                                  Symbol Table

RB4_ISR@flage                   cstackCOMRAM 00006B
RB5_ISR@flage                   cstackCOMRAM 00006B
RB6_ISR@flage                   cstackCOMRAM 00006B
RB7_ISR@flage                   cstackCOMRAM 00006B
_ADCON0bits                     (abs)        000FC2
_ADCON1bits                     (abs)        000FC1
_ADCON2bits                     (abs)        000FC0
_ADC_ISR                        text15       00155C
_ADC_Interrupt_handler          bssCOMRAM    000037
_ADRESH                         (abs)        000FC4
_ADRESL                         (abs)        000FC3
_CCP1CONbits                    (abs)        000FBD
_CCP1_ISR                       text14       001558
_CCP2_ISR                                          
_EEADR                          (abs)        000FA9
_EEADRH                         (abs)        000FAA
_EECON1bits                     (abs)        000FA6
_EECON2                         (abs)        000FA7
_EEDATA                         (abs)        000FA8
_INT0_ISR                       text13       001554
_INT1_ISR                       text12       001550
_INT2_ISR                       text11       00154C
_INTCON2bits                    (abs)        000FF1
_INTCON3bits                    (abs)        000FF0
_INTCONbits                     (abs)        000FF2
_Int0_interrupt_Handeler        bssCOMRAM    000035
_Int1_interrupt_Handeler        bssCOMRAM    000033
_Int2_interrupt_Handeler        bssCOMRAM    000031
_InterruptManagmentHigh         intcode      000000
_KEYPAD_SHAPE                   dataBANK0    000080
_LATA                           (abs)        000F89
_LATB                           (abs)        000F8A
_LATC                           (abs)        000F8B
_LATD                           (abs)        000F8C
_LATE                           (abs)        000F8D
_Lat_Regs                       dataCOMRAM   00004C
_PIE1bits                       (abs)        000F9D
_PIE2bits                       (abs)        000FA0
_PIR1bits                       (abs)        000F9E
_PIR2bits                       (abs)        000FA1
_PORTA                          (abs)        000F80
_PORTB                          (abs)        000F81
_PORTBbits                      (abs)        000F81
_PORTC                          (abs)        000F82
_PORTD                          (abs)        000F83
_PORTE                          (abs)        000F84
_Port_Regs                      dataCOMRAM   000056
_RB4_HIGH_interrupt_Handeler    bssCOMRAM    00002D
_RB4_ISR                        text10       0014EC
_RB4_LOW_interrupt_Handeler     bssCOMRAM    00002F
_RB5_HIGH_interrupt_Handeler    bssCOMRAM    000029
_RB5_ISR                        text9        0014D2
_RB5_LOW_interrupt_Handeler     bssCOMRAM    00002B
_RB6_HIGH_interrupt_Handeler    bssCOMRAM    000025
_RB6_ISR                        text8        0014B8
_RB6_LOW_interrupt_Handeler     bssCOMRAM    000027
_RB7_HIGH_interrupt_Handeler    bssCOMRAM    000021
_RB7_ISR                        text7        00149E
_RB7_LOW_interrupt_Handeler     bssCOMRAM    000023
_T0CONbits                      (abs)        000FD5
_T1CONbits                      (abs)        000FCD
_T2CONbits                      (abs)        000FCA
_T3CONbits                      (abs)        000FB1
_TIMER0_ISR                     text6        001530
_TIMER1_ISR                     text5        001524
_TIMER2_ISR                     text4        001544
_TIMER3_ISR                     text2        00143E
_TMR0H                          (abs)        000FD7
_TMR0L                          (abs)        000FD6
_TMR1H                          (abs)        000FCF
_TMR1L                          (abs)        000FCE
_TMR2                           (abs)        000FCC
_TMR3                           (abs)        000FB2
_TRISA                          (abs)        000F92
_TRISB                          (abs)        000F93
_TRISC                          (abs)        000F94
_TRISD                          (abs)        000F95
_TRISE                          (abs)        000F96
_Tris_Regs                      dataCOMRAM   000042
__HRAM                          (abs)        000000
__H__absolute__                 __absolute__ 000000
__Habs1                         abs1         000000
__Hbank0                        bank0        000000
__Hbank1                        bank1        000000
__Hbank10                       bank10       000000
__Hbank11                       bank11       000000
__Hbank12                       bank12       000000
__Hbank13                       bank13       000000
__Hbank14                       bank14       000000
__Hbank15                       bank15       000000
__Hbank2                        bank2        000000
__Hbank3                        bank3        000000
__Hbank4                        bank4        000000
__Hbank5                        bank5        000000
__Hbank6                        bank6        000000
__Hbank7                        bank7        000000
__Hbank8                        bank8        000000
__Hbank9                        bank9        000000
__Hbigbss                       bigbss       000000
__Hbigdata                      bigdata      000000
__Hbigram                       bigram       000000
__Hbigsfr                       bigsfr       000000
__Hbss                          bss          000000
__HbssBANK0                     bssBANK0     000000
__HbssCOMRAM                    bssCOMRAM    000000
__Hcinit                        cinit        000000
__Hclrtext                      clrtext      000000
__Hcomram                       comram       000000
__Hconfig                       config       30000E
__Hconst                        const        000000
__HcstackBANK0                  cstackBANK0  000000
__HcstackCOMRAM                 cstackCOMRAM 000000
__Hdata                         data         000000
__HdataBANK0                    dataBANK0    000000
__HdataCOMRAM                   dataCOMRAM   000000
__Heeprom_data                  eeprom_data  000000
__Hfarbss                       farbss       000000
__Hfardata                      fardata      000000
__Hheap                         heap         000000
__Hibigdata                     ibigdata     000000
__Hidata                        idata        000000
__HidataBANK0                   idataBANK0   000000
__HidataCOMRAM                  idataCOMRAM  000000
__Hidloc                        idloc        200008
__Hifardata                     ifardata     000000
__Hinit                         init         00000A
__Hintcode                      intcode      000006
__Hintcode_body                 intcode_body 000000
__Hintcodelo                    intcodelo    000006
__Hintentry                     intentry     000000
__Hintret                       intret       000000
__Hintsave_regs                 intsave_regs 000000
__Hirdata                       irdata       000000
__Hmediumconst                  mediumconst  000000
__HnvFARRAM                     nvFARRAM     000000
__Hnvbit                        nvbit        000000
__Hnvrram                       nvrram       000000
__Hparam                        rparam       000000
__Hpowerup                      powerup      000006
__Hram                          ram          000000
__Hramtop                       ramtop       001000
__Hrbit                         rbit         000000
__Hrbss                         rbss         000000
__Hrdata                        rdata        000000
__Hreset_vec                    reset_vec    000000
__Hrparam                       rparam       000000
__Hsfr                          sfr          000000
__Hsmallconst                   smallconst   001006
__Hspace_0                      (abs)        001560
__Hspace_1                      (abs)        00009B
__Hspace_2                      (abs)        000000
__Hspace_4                      (abs)        60000E
__Hstack                        stack        000000
__Hstruct                       struct       000000
__Htemp                         temp         00007B
__Htext                         text         000000
__Htext0                        text0        000000
__Htext10                       text10       000000
__Htext11                       text11       000000
__Htext12                       text12       000000
__Htext13                       text13       000000
__Htext14                       text14       000000
__Htext15                       text15       000000
__Htext16                       text16       000000
__Htext2                        text2        000000
__Htext3                        text3        000000
__Htext4                        text4        000000
__Htext5                        text5        000000
__Htext6                        text6        000000
__Htext7                        text7        000000
__Htext8                        text8        000000
__Htext9                        text9        000000
__LRAM                          (abs)        000001
__L__absolute__                 __absolute__ 000000
__Labs1                         abs1         000000
__Lbank0                        bank0        000000
__Lbank1                        bank1        000000
__Lbank10                       bank10       000000
__Lbank11                       bank11       000000
__Lbank12                       bank12       000000
__Lbank13                       bank13       000000
__Lbank14                       bank14       000000
__Lbank15                       bank15       000000
__Lbank2                        bank2        000000
__Lbank3                        bank3        000000
__Lbank4                        bank4        000000
__Lbank5                        bank5        000000
__Lbank6                        bank6        000000
__Lbank7                        bank7        000000
__Lbank8                        bank8        000000
__Lbank9                        bank9        000000
__Lbigbss                       bigbss       000000
__Lbigdata                      bigdata      000000
__Lbigram                       bigram       000000
__Lbigsfr                       bigsfr       000000
__Lbss                          bss          000000
__LbssBANK0                     bssBANK0     000000
__LbssCOMRAM                    bssCOMRAM    000000
__Lcinit                        cinit        000000
__Lclrtext                      clrtext      000000
__Lcomram                       comram       000000
__Lconfig                       config       000000
__Lconst                        const        000000
__LcstackBANK0                  cstackBANK0  000000
__LcstackCOMRAM                 cstackCOMRAM 000000
__Ldata                         data         000000
__LdataBANK0                    dataBANK0    000000
__LdataCOMRAM                   dataCOMRAM   000000
__Leeprom_data                  eeprom_data  000000
__Lfarbss                       farbss       000000
__Lfardata                      fardata      000000
__Lheap                         heap         000000
__Libigdata                     ibigdata     000000
__Lidata                        idata        000000
__LidataBANK0                   idataBANK0   000000
__LidataCOMRAM                  idataCOMRAM  000000
__Lidloc                        idloc        000000
__Lifardata                     ifardata     000000
__Linit                         init         000006
__Lintcode                      intcode      000000
__Lintcode_body                 intcode_body 000000
__Lintcodelo                    intcodelo    000006
__Lintentry                     intentry     000000
__Lintret                       intret       000000
__Lintsave_regs                 intsave_regs 000000
__Lirdata                       irdata       000000
__Lmediumconst                  mediumconst  000000
__LnvFARRAM                     nvFARRAM     000000
__Lnvbit                        nvbit        000000
__Lnvrram                       nvrram       000000
__Lparam                        rparam       000000
__Lpowerup                      powerup      000006
__Lram                          ram          000000
__Lramtop                       ramtop       001000
__Lrbit                         rbit         000000
__Lrbss                         rbss         000000
__Lrdata                        rdata        000000
__Lreset_vec                    reset_vec    000000
__Lrparam                       rparam       000000
__Lsfr                          sfr          000000
__Lsmallconst                   smallconst   001000
__Lspace_0                      (abs)        000000
__Lspace_1                      (abs)        000000
__Lspace_2                      (abs)        000000
__Lspace_4                      (abs)        000000
__Lstack                        stack        000000
__Lstruct                       struct       000000
__Ltemp                         temp         00007A
__Ltext                         text         000000
__Ltext0                        text0        000000
__Ltext10                       text10       000000
__Ltext11                       text11       000000
__Ltext12                       text12       000000
__Ltext13                       text13       000000
__Ltext14                       text14       000000
__Ltext15                       text15       000000
__Ltext16                       text16       000000
__Ltext2                        text2        000000
__Ltext3                        text3        000000
__Ltext4                        text4        000000
__Ltext5                        text5        000000
__Ltext6                        text6        000000
__Ltext7                        text7        000000
__Ltext8                        text8        000000
__Ltext9                        text9        000000
__S0                            (abs)        001560
__S1                            (abs)        00009B
__S4                            (abs)        000000
__S5                            (abs)        000000
___heap_hi                      (abs)        000000
___heap_lo                      (abs)        000000
___inthi_sp                     stack        000000
___intlo_sp                     stack        000000
___param_bank                   (abs)        000000
___rparam_used                  (abs)        000001
___sp                           stack        000000
__accesstop                     (abs)        000080
__activetblptr                  (abs)        000003
__end_of_ADC_ISR                text15       001560
__end_of_CCP1_ISR               text14       00155C
__end_of_INT0_ISR               text13       001558
__end_of_INT1_ISR               text12       001554
__end_of_INT2_ISR               text11       001550
__end_of_InterruptManagmentHigh intcode_body 0013DC
__end_of_RB4_ISR                text10       001506
__end_of_RB5_ISR                text9        0014EC
__end_of_RB6_ISR                text8        0014D2
__end_of_RB7_ISR                text7        0014B8
__end_of_TIMER0_ISR             text6        00153C
__end_of_TIMER1_ISR             text5        001530
__end_of_TIMER2_ISR             text4        00154C
__end_of_TIMER3_ISR             text2        001474
__end_of__initialization        cinit        001434
__end_of_main                   text0        001544
__end_of_timer3_ISR             text3        001524
__initialization                cinit        0013DC
__mediumconst                   mediumconst  000000
__pbssBANK0                     bssBANK0     000090
__pbssCOMRAM                    bssCOMRAM    000001
__pcinit                        cinit        0013DC
__pcstackBANK0                  cstackBANK0  000000
__pcstackCOMRAM                 cstackCOMRAM 00006B
__pdataBANK0                    dataBANK0    000080
__pdataCOMRAM                   dataCOMRAM   000042
__pidataBANK0                   idataBANK0   001506
__pidataCOMRAM                  idataCOMRAM  001474
__pintcode                      intcode      000000
__pintcode_body                 intcode_body 001006
__psmallconst                   smallconst   001000
__ptext0                        text0        00153C
__ptext10                       text10       0014EC
__ptext11                       text11       00154C
__ptext12                       text12       001550
__ptext13                       text13       001554
__ptext14                       text14       001558
__ptext15                       text15       00155C
__ptext16                       text16       000000
__ptext2                        text2        00143E
__ptext3                        text3        001516
__ptext4                        text4        001544
__ptext5                        text5        001524
__ptext6                        text6        001530
__ptext7                        text7        00149E
__ptext8                        text8        0014B8
__ptext9                        text9        0014D2
__ramtop                        ramtop       001000
__smallconst                    smallconst   001000
_cc                             bssCOMRAM    000007
_ccp1_callback_ptr              bssCOMRAM    00000F
_flage_4                        dataCOMRAM   00006A
_flage_5                        dataCOMRAM   000069
_flage_6                        dataCOMRAM   000068
_flage_7                        dataCOMRAM   000067
_led1                           dataCOMRAM   000066
_main                           text0        00153C
_timer0_callback_ptr            bssCOMRAM    00001F
_timer0_preload                 bssCOMRAM    00001D
_timer1_callback_ptr            bssCOMRAM    00001B
_timer1_preload                 bssCOMRAM    000019
_timer2                         dataCOMRAM   000060
_timer2_callback_ptr            bssCOMRAM    000017
_timer2_preload                 bssCOMRAM    000039
_timer3_ISR                     text3        001516
_timer3_callback_ptr            bssCOMRAM    000015
_timer3_counter                 bssCOMRAM    000011
_timer3_preload                 bssCOMRAM    000013
btemp                           temp         00007A
end_of_initialization           cinit        001434
int$flags                       temp         00007A
int_func                        intcode_body 001006
intlevel0                       text         000000
intlevel1                       text         000000
intlevel2                       text         000000
intlevel3                       text         000000
isa$std                         (abs)        000001
isa$xinst                       (abs)        000000
led_int@F3054                   bssCOMRAM    000041
led_off@F3064                   bssCOMRAM    00003F
led_on@F3059                    bssCOMRAM    000040
led_toggel@F3069                bssCOMRAM    00003E
relay_int@F3053                 bssCOMRAM    00003D
relay_off@F3063                 bssCOMRAM    00003B
relay_on@F3058                  bssCOMRAM    00003C
relay_toggel@F3068              bssCOMRAM    00003A
stackhi                         (abs)        000000
stacklo                         (abs)        000000
start                           init         000006
start_initialization            cinit        0013DC
ttemp5                          temp         00007B
ttemp6                          temp         00007E
ttemp7                          temp         000082
wtemp8                          temp         00007B
