Microchip MPLAB XC8 Compiler V2.41

Linker command line:

-W-3 \
  --edf=E:\Program Files\Microchip\xc8\v2.41\pic\dat\20230208172133_en.msgs \
  -cn -h+dist/default/production\PIC18f_lib.X.production.sym \
  --cmf=dist/default/production\PIC18f_lib.X.production.cmf -z -Q18F4620 \
  -oC:\Users\Unlimited\AppData\Local\Temp\xcAs10eo.\driver_tmp_3.o \
  --defsym=__MPLAB_BUILD=1 --fixupoverflow=error \
  -Mdist/default/production/PIC18f_lib.X.production.map \
  --md=C:\Users\Unlimited\AppData\Local\Temp\xcAs10eo.\driver_tmp_0.dat -E1 \
  -ver=XC8 Compiler --acfsm=1493 -ACODE=00h-0FFFFh -ACONST=00h-0FFFFh \
  -ASMALLCONST=01000h-010FFhx240 -AMEDIUMCONST=01000h-0FFFFh \
  -ACOMRAM=01h-07Fh -AABS1=00h-0F7Fh -ABIGRAM=01h-0F7Fh \
  -ARAM=080h-0FFh,0100h-01FFhx14,0F00h-0F7Fh -ABANK0=080h-0FFh \
  -ABANK1=0100h-01FFh -ABANK2=0200h-02FFh -ABANK3=0300h-03FFh \
  -ABANK4=0400h-04FFh -ABANK5=0500h-05FFh -ABANK6=0600h-06FFh \
  -ABANK7=0700h-07FFh -ABANK8=0800h-08FFh -ABANK9=0900h-09FFh \
  -ABANK10=0A00h-0AFFh -ABANK11=0B00h-0BFFh -ABANK12=0C00h-0CFFh \
  -ABANK13=0D00h-0DFFh -ABANK14=0E00h-0EFFh -ABANK15=0F00h-0F7Fh \
  -ASFR=0F80h-0FFFh -ABIGSFR=0F80h-0FFFh -ACONFIG=0300000h-030000Dh \
  -AIDLOC=0200000h-0200007h -AEEDATA=0F00000h-0F003FFh -peeprom_data=EEDATA \
  -preset_vec=00h,intcode=08h,intcodelo,powerup,init -pramtop=01000h \
  -psmallconst=SMALLCONST -pmediumconst=MEDIUMCONST -pconst=CONST \
  -AFARRAM=00h-00h \
  -prdata=COMRAM,nvrram=COMRAM,nvbit=COMRAM,rbss=COMRAM,rbit=COMRAM \
  -pfarbss=FARRAM,fardata=FARRAM,nvFARRAM=FARRAM \
  -pintsave_regs=BIGRAM,bigbss=BIGRAM,bigdata=BIGRAM -pbss=RAM \
  -pidata=CODE,irdata=CODE,ibigdata=CODE,ifardata=CODE -prparam=COMRAM \
  C:\Users\Unlimited\AppData\Local\Temp\xcAs10eo.\driver_tmp_9.o \
  dist/default/production\PIC18f_lib.X.production.o 

Object code version is 3.11

Machine type is 18F4620



                Name                               Link     Load   Length Selector   Space Scale
C:\Users\Unlimited\AppData\Local\Temp\xcAs10eo.\driver_tmp_9.o
                idloc                            200000   200000        8        0       5
                config                           300000   300000        E        0       4
                init                                  E        E        4        4       0
                reset_vec                             0        0        4        0       0
dist/default/production\PIC18f_lib.X.production.o
                intcode                               8        8        6        4       0
                idloc                            200000   200000        8        0       5
                config                           300000   300000        E        0       4
                temp                                 6E       6E        1        1       1
                smallconst                         1000     1000        6      800       0
                text20                             1A5A     1A5A        4      803       0
                text19                             1A56     1A56        4      803       0
                text18                             1A52     1A52        4      803       0
                text17                             1A4E     1A4E        4      803       0
                text16                             1A16     1A16       1A      803       0
                text15                             19FC     19FC       1A      803       0
                text14                             19E2     19E2       1A      803       0
                text13                             19C8     19C8       1A      803       0
                text12                             1812     1812       6C      803       0
                text11                             17A2     17A2       70      803       0
                text10                             1A40     1A40        E      803       0
                text9                              1968     1968       36      803       0
                intcode_body                       1006     1006      2F6      803       0
                text7                              1426     1426      11E      803       0
                text6                              1544     1544      106      803       0
                text5                              1928     1928       40      803       0
                text4                              16BE     16BE       74      803       0
                text3                              1732     1732       70      803       0
                text2                              164A     164A       74      803       0
                text1                              12FC     12FC      12A      803       0
                text0                              18E0     18E0       48      803       0
                cstackCOMRAM                         59       59       15        1       1
                cstackBANK0                          90       90        D       80       1
                dataBANK0                            80       80       10       80       1
                bssBANK0                             9D       9D        B       80       1
                dataCOMRAM                           2F       2F       2A        1       1
                bssCOMRAM                             1        1       2E        1       1
                cinit                              187E     187E       62      803       0
                idataBANK0                         1A30     1A30       10      803       0
                idataCOMRAM                        199E     199E       2A      803       0

TOTAL           Name                               Link     Load   Length     Space
        CLASS   CODE           
                intcode                               8        8        6         0
                init                                  E        E        4         0
                reset_vec                             0        0        4         0
                text20                             1A5A     1A5A        4         0
                text19                             1A56     1A56        4         0
                text18                             1A52     1A52        4         0
                text17                             1A4E     1A4E        4         0
                text16                             1A16     1A16       1A         0
                text15                             19FC     19FC       1A         0
                text14                             19E2     19E2       1A         0
                text13                             19C8     19C8       1A         0
                text12                             1812     1812       6C         0
                text11                             17A2     17A2       70         0
                text10                             1A40     1A40        E         0
                text9                              1968     1968       36         0
                intcode_body                       1006     1006      2F6         0
                text7                              1426     1426      11E         0
                text6                              1544     1544      106         0
                text5                              1928     1928       40         0
                text4                              16BE     16BE       74         0
                text3                              1732     1732       70         0
                text2                              164A     164A       74         0
                text1                              12FC     12FC      12A         0
                text0                              18E0     18E0       48         0
                cinit                              187E     187E       62         0
                idataBANK0                         1A30     1A30       10         0
                idataCOMRAM                        199E     199E       2A         0

        CLASS   CONST          

        CLASS   SMALLCONST     
                smallconst                         1000     1000        6         0

        CLASS   MEDIUMCONST    

        CLASS   COMRAM         
                temp                                 6E       6E        1         1
                cstackCOMRAM                         59       59       15         1
                dataCOMRAM                           2F       2F       2A         1
                bssCOMRAM                             1        1       2E         1

        CLASS   ABS1           

        CLASS   BIGRAM         

        CLASS   RAM            

        CLASS   BANK0          
                cstackBANK0                          90       90        D         1
                dataBANK0                            80       80       10         1
                bssBANK0                             9D       9D        B         1

        CLASS   BANK1          

        CLASS   BANK2          

        CLASS   BANK3          

        CLASS   BANK4          

        CLASS   BANK5          

        CLASS   BANK6          

        CLASS   BANK7          

        CLASS   BANK8          

        CLASS   BANK9          

        CLASS   BANK10         

        CLASS   BANK11         

        CLASS   BANK12         

        CLASS   BANK13         

        CLASS   BANK14         

        CLASS   BANK15         

        CLASS   SFR            

        CLASS   BIGSFR         

        CLASS   CONFIG         
                config                           300000   300000        E         4

        CLASS   IDLOC          
                idloc                            200000   200000        8         5

        CLASS   EEDATA         

        CLASS   FARRAM         

        CLASS   HEAP           

        CLASS   STACK          



SEGMENTS        Name                           Load    Length   Top    Selector   Space  Class

                reset_vec                      000000  000004  000004         0       0  CODE    
                bssCOMRAM                      000001  00006E  00006F         1       1  COMRAM  
                intcode                        000008  00000A  000012         4       0  CODE    
                dataBANK0                      000080  000028  0000A8        80       1  BANK0   
                smallconst                     001000  000006  001006       800       0  SMALLCON
                intcode_body                   001006  000A58  001A5E       803       0  CODE    


UNUSED ADDRESS RANGES

        Name                Unused          Largest block    Delta
        BANK0            0000A8-0000FF               58
        BANK1            000100-0001FF              100
        BANK10           000A00-000AFF              100
        BANK11           000B00-000BFF              100
        BANK12           000C00-000CFF              100
        BANK13           000D00-000DFF              100
        BANK14           000E00-000EFF              100
        BANK15           000F00-000F7F               80
        BANK2            000200-0002FF              100
        BANK3            000300-0003FF              100
        BANK4            000400-0004FF              100
        BANK5            000500-0005FF              100
        BANK6            000600-0006FF              100
        BANK7            000700-0007FF              100
        BANK8            000800-0008FF              100
        BANK9            000900-0009FF              100
        BIGRAM           00006F-00007F               11
                         0000A8-000F7F              ED8
        BIGSFR           000F80-000FFF               80
        CODE             000004-000007                4
                         000012-000FFF              FEE
                         001A5E-00FFFF             E5A2
        COMRAM           00006F-00007F               11
        CONST            000004-000007                4
                         000012-000FFF              FEE
                         001A5E-00FFFF             E5A2
        EEDATA           F00000-F003FF              400
        MEDIUMCONST      001A5E-00FFFF             E5A2
        RAM              0000A8-000F7F              100
        SFR              000F80-000FFF               80
        SMALLCONST       001A5E-00FFFF              100

                                  Symbol Table

RB4_ISR@flage                    cstackCOMRAM 000059
RB5_ISR@flage                    cstackCOMRAM 000059
RB6_ISR@flage                    cstackCOMRAM 000059
RB7_ISR@flage                    cstackCOMRAM 000059
_ADCON0bits                      (abs)        000FC2
_ADCON1bits                      (abs)        000FC1
_ADCON2bits                      (abs)        000FC0
_ADC_ISR                         text20       001A5A
_ADC_Interrupt_handler           bssCOMRAM    000025
_ADRESH                          (abs)        000FC4
_ADRESL                          (abs)        000FC3
_EEADR                           (abs)        000FA9
_EEADRH                          (abs)        000FAA
_EECON1bits                      (abs)        000FA6
_EECON2                          (abs)        000FA7
_EEDATA                          (abs)        000FA8
_INT0_ISR                        text19       001A56
_INT1_ISR                        text18       001A52
_INT2_ISR                        text17       001A4E
_INTCON2bits                     (abs)        000FF1
_INTCON3bits                     (abs)        000FF0
_INTCONbits                      (abs)        000FF2
_Int0_interrupt_Handeler         bssCOMRAM    000023
_Int1_interrupt_Handeler         bssCOMRAM    000021
_Int2_interrupt_Handeler         bssCOMRAM    00001F
_InterruptManagmentHigh          intcode      000008
_KEYPAD_SHAPE                    dataBANK0    000080
_LATA                            (abs)        000F89
_LATB                            (abs)        000F8A
_LATC                            (abs)        000F8B
_LATD                            (abs)        000F8C
_LATE                            (abs)        000F8D
_Lat_Regs                        dataCOMRAM   000039
_PIE1bits                        (abs)        000F9D
_PIR1bits                        (abs)        000F9E
_PORTA                           (abs)        000F80
_PORTB                           (abs)        000F81
_PORTBbits                       (abs)        000F81
_PORTC                           (abs)        000F82
_PORTD                           (abs)        000F83
_PORTE                           (abs)        000F84
_Port_Regs                       dataCOMRAM   000043
_RB4_HIGH_interrupt_Handeler     bssCOMRAM    00001B
_RB4_ISR                         text16       001A16
_RB4_LOW_interrupt_Handeler      bssCOMRAM    00001D
_RB5_HIGH_interrupt_Handeler     bssCOMRAM    000017
_RB5_ISR                         text15       0019FC
_RB5_LOW_interrupt_Handeler      bssCOMRAM    000019
_RB6_HIGH_interrupt_Handeler     bssCOMRAM    000013
_RB6_ISR                         text14       0019E2
_RB6_LOW_interrupt_Handeler      bssCOMRAM    000015
_RB7_HIGH_interrupt_Handeler     bssCOMRAM    00000F
_RB7_ISR                         text13       0019C8
_RB7_LOW_interrupt_Handeler      bssCOMRAM    000011
_T0CONbits                       (abs)        000FD5
_TIMER0_ISR                      text9        001968
_TMR0H                           (abs)        000FD7
_TMR0L                           (abs)        000FD6
_TRISA                           (abs)        000F92
_TRISB                           (abs)        000F93
_TRISC                           (abs)        000F94
_TRISD                           (abs)        000F95
_TRISE                           (abs)        000F96
_Tris_Regs                       dataCOMRAM   00002F
__HRAM                           (abs)        000000
__H__absolute__                  __absolute__ 000000
__Habs1                          abs1         000000
__Hbank0                         bank0        000000
__Hbank1                         bank1        000000
__Hbank10                        bank10       000000
__Hbank11                        bank11       000000
__Hbank12                        bank12       000000
__Hbank13                        bank13       000000
__Hbank14                        bank14       000000
__Hbank15                        bank15       000000
__Hbank2                         bank2        000000
__Hbank3                         bank3        000000
__Hbank4                         bank4        000000
__Hbank5                         bank5        000000
__Hbank6                         bank6        000000
__Hbank7                         bank7        000000
__Hbank8                         bank8        000000
__Hbank9                         bank9        000000
__Hbigbss                        bigbss       000000
__Hbigdata                       bigdata      000000
__Hbigram                        bigram       000000
__Hbigsfr                        bigsfr       000000
__Hbss                           bss          000000
__HbssBANK0                      bssBANK0     000000
__HbssCOMRAM                     bssCOMRAM    000000
__Hcinit                         cinit        000000
__Hclrtext                       clrtext      000000
__Hcomram                        comram       000000
__Hconfig                        config       30000E
__Hconst                         const        000000
__HcstackBANK0                   cstackBANK0  000000
__HcstackCOMRAM                  cstackCOMRAM 000000
__Hdata                          data         000000
__HdataBANK0                     dataBANK0    000000
__HdataCOMRAM                    dataCOMRAM   000000
__Heeprom_data                   eeprom_data  000000
__Hfarbss                        farbss       000000
__Hfardata                       fardata      000000
__Hheap                          heap         000000
__Hibigdata                      ibigdata     000000
__Hidata                         idata        000000
__HidataBANK0                    idataBANK0   000000
__HidataCOMRAM                   idataCOMRAM  000000
__Hidloc                         idloc        200008
__Hifardata                      ifardata     000000
__Hinit                          init         000012
__Hintcode                       intcode      00000E
__Hintcode_body                  intcode_body 000000
__Hintcodelo                     intcodelo    00000E
__Hintentry                      intentry     000000
__Hintret                        intret       000000
__Hintsave_regs                  intsave_regs 000000
__Hirdata                        irdata       000000
__Hmediumconst                   mediumconst  000000
__HnvFARRAM                      nvFARRAM     000000
__Hnvbit                         nvbit        000000
__Hnvrram                        nvrram       000000
__Hparam                         rparam       000000
__Hpowerup                       powerup      00000E
__Hram                           ram          000000
__Hramtop                        ramtop       001000
__Hrbit                          rbit         000000
__Hrbss                          rbss         000000
__Hrdata                         rdata        000000
__Hreset_vec                     reset_vec    000004
__Hrparam                        rparam       000000
__Hsfr                           sfr          000000
__Hsmallconst                    smallconst   001006
__Hspace_0                       (abs)        001A5E
__Hspace_1                       (abs)        0000A8
__Hspace_2                       (abs)        000000
__Hspace_4                       (abs)        60000E
__Hstack                         stack        000000
__Hstruct                        struct       000000
__Htemp                          temp         00006F
__Htext                          text         000000
__Htext0                         text0        000000
__Htext1                         text1        000000
__Htext10                        text10       000000
__Htext11                        text11       000000
__Htext12                        text12       000000
__Htext13                        text13       000000
__Htext14                        text14       000000
__Htext15                        text15       000000
__Htext16                        text16       000000
__Htext17                        text17       000000
__Htext18                        text18       000000
__Htext19                        text19       000000
__Htext2                         text2        000000
__Htext20                        text20       000000
__Htext21                        text21       000000
__Htext3                         text3        000000
__Htext4                         text4        000000
__Htext5                         text5        000000
__Htext6                         text6        000000
__Htext7                         text7        000000
__Htext9                         text9        000000
__LRAM                           (abs)        000001
__L__absolute__                  __absolute__ 000000
__Labs1                          abs1         000000
__Lbank0                         bank0        000000
__Lbank1                         bank1        000000
__Lbank10                        bank10       000000
__Lbank11                        bank11       000000
__Lbank12                        bank12       000000
__Lbank13                        bank13       000000
__Lbank14                        bank14       000000
__Lbank15                        bank15       000000
__Lbank2                         bank2        000000
__Lbank3                         bank3        000000
__Lbank4                         bank4        000000
__Lbank5                         bank5        000000
__Lbank6                         bank6        000000
__Lbank7                         bank7        000000
__Lbank8                         bank8        000000
__Lbank9                         bank9        000000
__Lbigbss                        bigbss       000000
__Lbigdata                       bigdata      000000
__Lbigram                        bigram       000000
__Lbigsfr                        bigsfr       000000
__Lbss                           bss          000000
__LbssBANK0                      bssBANK0     000000
__LbssCOMRAM                     bssCOMRAM    000000
__Lcinit                         cinit        000000
__Lclrtext                       clrtext      000000
__Lcomram                        comram       000000
__Lconfig                        config       000000
__Lconst                         const        000000
__LcstackBANK0                   cstackBANK0  000000
__LcstackCOMRAM                  cstackCOMRAM 000000
__Ldata                          data         000000
__LdataBANK0                     dataBANK0    000000
__LdataCOMRAM                    dataCOMRAM   000000
__Leeprom_data                   eeprom_data  000000
__Lfarbss                        farbss       000000
__Lfardata                       fardata      000000
__Lheap                          heap         000000
__Libigdata                      ibigdata     000000
__Lidata                         idata        000000
__LidataBANK0                    idataBANK0   000000
__LidataCOMRAM                   idataCOMRAM  000000
__Lidloc                         idloc        000000
__Lifardata                      ifardata     000000
__Linit                          init         00000E
__Lintcode                       intcode      000008
__Lintcode_body                  intcode_body 000000
__Lintcodelo                     intcodelo    00000E
__Lintentry                      intentry     000000
__Lintret                        intret       000000
__Lintsave_regs                  intsave_regs 000000
__Lirdata                        irdata       000000
__Lmediumconst                   mediumconst  000000
__LnvFARRAM                      nvFARRAM     000000
__Lnvbit                         nvbit        000000
__Lnvrram                        nvrram       000000
__Lparam                         rparam       000000
__Lpowerup                       powerup      00000E
__Lram                           ram          000000
__Lramtop                        ramtop       001000
__Lrbit                          rbit         000000
__Lrbss                          rbss         000000
__Lrdata                         rdata        000000
__Lreset_vec                     reset_vec    000000
__Lrparam                        rparam       000000
__Lsfr                           sfr          000000
__Lsmallconst                    smallconst   001000
__Lspace_0                       (abs)        000000
__Lspace_1                       (abs)        000000
__Lspace_2                       (abs)        000000
__Lspace_4                       (abs)        000000
__Lstack                         stack        000000
__Lstruct                        struct       000000
__Ltemp                          temp         00006E
__Ltext                          text         000000
__Ltext0                         text0        000000
__Ltext1                         text1        000000
__Ltext10                        text10       000000
__Ltext11                        text11       000000
__Ltext12                        text12       000000
__Ltext13                        text13       000000
__Ltext14                        text14       000000
__Ltext15                        text15       000000
__Ltext16                        text16       000000
__Ltext17                        text17       000000
__Ltext18                        text18       000000
__Ltext19                        text19       000000
__Ltext2                         text2        000000
__Ltext20                        text20       000000
__Ltext21                        text21       000000
__Ltext3                         text3        000000
__Ltext4                         text4        000000
__Ltext5                         text5        000000
__Ltext6                         text6        000000
__Ltext7                         text7        000000
__Ltext9                         text9        000000
__S0                             (abs)        001A5E
__S1                             (abs)        0000A8
__S4                             (abs)        000000
__S5                             (abs)        000000
___heap_hi                       (abs)        000000
___heap_lo                       (abs)        000000
___inthi_sp                      stack        000000
___intlo_sp                      stack        000000
___param_bank                    (abs)        000000
___rparam_used                   (abs)        000001
___sp                            stack        000000
__accesstop                      (abs)        000080
__activetblptr                   (abs)        000003
__end_of_ADC_ISR                 text20       001A5E
__end_of_INT0_ISR                text19       001A5A
__end_of_INT1_ISR                text18       001A56
__end_of_INT2_ISR                text17       001A52
__end_of_InterruptManagmentHigh  intcode_body 0012FC
__end_of_RB4_ISR                 text16       001A30
__end_of_RB5_ISR                 text15       001A16
__end_of_RB6_ISR                 text14       0019FC
__end_of_RB7_ISR                 text13       0019E2
__end_of_TIMER0_ISR              text9        00199E
__end_of__initialization         cinit        0018D6
__end_of_gpio_pin_direction_int  text7        001544
__end_of_gpio_pin_int            text5        001968
__end_of_gpio_pin_toggle_level   text3        0017A2
__end_of_gpio_pin_write_level    text6        00164A
__end_of_led_int                 text4        001732
__end_of_led_toggel              text2        0016BE
__end_of_main                    text0        001928
__end_of_timer0                  text10       001A4E
__end_of_timer0_int              text1        001426
__end_ofi2_gpio_pin_toggle_level text12       00187E
__end_ofi2_led_toggel            text11       001812
__initialization                 cinit        00187E
__mediumconst                    mediumconst  000000
__pbssBANK0                      bssBANK0     00009D
__pbssCOMRAM                     bssCOMRAM    000001
__pcinit                         cinit        00187E
__pcstackBANK0                   cstackBANK0  000090
__pcstackCOMRAM                  cstackCOMRAM 000059
__pdataBANK0                     dataBANK0    000080
__pdataCOMRAM                    dataCOMRAM   00002F
__pidataBANK0                    idataBANK0   001A30
__pidataCOMRAM                   idataCOMRAM  00199E
__pintcode                       intcode      000008
__pintcode_body                  intcode_body 001006
__psmallconst                    smallconst   001000
__ptext0                         text0        0018E0
__ptext1                         text1        0012FC
__ptext10                        text10       001A40
__ptext11                        text11       0017A2
__ptext12                        text12       001812
__ptext13                        text13       0019C8
__ptext14                        text14       0019E2
__ptext15                        text15       0019FC
__ptext16                        text16       001A16
__ptext17                        text17       001A4E
__ptext18                        text18       001A52
__ptext19                        text19       001A56
__ptext2                         text2        00164A
__ptext20                        text20       001A5A
__ptext21                        text21       000000
__ptext3                         text3        001732
__ptext4                         text4        0016BE
__ptext5                         text5        001928
__ptext6                         text6        001544
__ptext7                         text7        001426
__ptext9                         text9        001968
__ramtop                         ramtop       001000
__smallconst                     smallconst   001000
_flage_4                         dataCOMRAM   000057
_flage_5                         dataCOMRAM   000056
_flage_6                         dataCOMRAM   000055
_flage_7                         dataCOMRAM   000054
_gpio_pin_direction_int          text7        001426
_gpio_pin_int                    text5        001928
_gpio_pin_toggle_level           text3        001732
_gpio_pin_write_level            text6        001544
_led1                            dataCOMRAM   000058
_led_int                         text4        0016BE
_led_toggel                      text2        00164A
_main                            text0        0018E0
_timer0                          text10       001A40
_timer0_callback_ptr             bssCOMRAM    00000D
_timer0_int                      text1        0012FC
_timer0_module                   dataCOMRAM   00004D
_timer0_preload                  bssCOMRAM    00000B
btemp                            temp         00006E
end_of_initialization            cinit        0018D6
gpio_pin_direction_int@pin_cfg   cstackCOMRAM 00006A
gpio_pin_int@pin_cfg             cstackBANK0  000096
gpio_pin_toggle_level@pin_cfg    cstackCOMRAM 00006A
gpio_pin_write_level@level       cstackCOMRAM 00006C
gpio_pin_write_level@pin_cfg     cstackCOMRAM 00006A
i2_gpio_pin_toggle_level         text12       001812
i2_led_toggel                    text11       0017A2
i2gpio_pin_toggle_level@pin_cfg  cstackCOMRAM 000059
i2led_toggel@led_cfg             cstackCOMRAM 000060
i2led_toggel@pin_cfg             cstackCOMRAM 000063
int$flags                        temp         00006E
int_func                         intcode_body 001006
intlevel0                        text         000000
intlevel1                        text         000000
intlevel2                        text         000000
intlevel3                        text         000000
isa$std                          (abs)        000001
isa$xinst                        (abs)        000000
led_int@F3054                    bssCOMRAM    00002E
led_int@led_cfg                  cstackBANK0  000098
led_int@pin_cfg                  cstackBANK0  00009A
led_off@F3064                    bssCOMRAM    00002C
led_on@F3059                     bssCOMRAM    00002D
led_toggel@F3069                 bssCOMRAM    00002B
led_toggel@led_cfg               cstackCOMRAM 00006C
led_toggel@pin_cfg               cstackBANK0  000096
relay_int@F3053                  bssCOMRAM    00002A
relay_off@F3063                  bssCOMRAM    000028
relay_on@F3058                   bssCOMRAM    000029
relay_toggel@F3068               bssCOMRAM    000027
stackhi                          (abs)        000000
stacklo                          (abs)        000000
start                            init         00000E
start_initialization             cinit        00187E
timer0_int@ptr                   cstackCOMRAM 00006A
ttemp5                           temp         00006F
ttemp6                           temp         000072
ttemp7                           temp         000076
wtemp8                           temp         00006F


MODULE INFORMATION

Module		Function		Class		Link	Load	Size
ECU_Layer/LED/LED.c
		_led_int       		CODE           	16BE	0000	116
		_led_toggel    		CODE           	164A	0000	116

ECU_Layer/LED/LED.c estimated size: 232

MCAL_Layer/Interrupt/Interrupt_external.c
		_RB4_ISR       		CODE           	1A16	0000	26
		_RB5_ISR       		CODE           	19FC	0000	26
		_RB6_ISR       		CODE           	19E2	0000	26
		_RB7_ISR       		CODE           	19C8	0000	26
		_INT0_ISR      		CODE           	1A56	0000	4
		_INT1_ISR      		CODE           	1A52	0000	4
		_INT2_ISR      		CODE           	1A4E	0000	4

MCAL_Layer/Interrupt/Interrupt_external.c estimated size: 116

MCAL_Layer/GPIO/GPIO.c
		_gpio_pin_write_level		CODE           	1544	0000	262
		_gpio_pin_direction_int		CODE           	1426	0000	286
		_gpio_pin_toggle_level		CODE           	1732	0000	112
		_gpio_pin_int  		CODE           	1928	0000	64

MCAL_Layer/GPIO/GPIO.c estimated size: 724

MCAL_Layer/Interrupt/Interrupt_managment.c
		_InterruptManagmentHigh		CODE           	0008	0000	764

MCAL_Layer/Interrupt/Interrupt_managment.c estimated size: 764

Application.c
		_timer0        		CODE           	1A40	0000	14
		_main          		CODE           	18E0	0000	72

Application.c estimated size: 86

shared
		i2_gpio_pin_toggle_level		CODE           	1812	0000	108
		__initialization		CODE           	187E	0000	88
		i2_led_toggel  		CODE           	17A2	0000	112

shared estimated size: 308

MCAL_Layer/Timer/timer0.c
		_timer0_int    		CODE           	12FC	0000	298
		_TIMER0_ISR    		CODE           	1968	0000	54

MCAL_Layer/Timer/timer0.c estimated size: 352

MCAL_Layer/ADC/ADC.c
		_ADC_ISR       		CODE           	1A5A	0000	4

MCAL_Layer/ADC/ADC.c estimated size: 4

