Microchip MPLAB XC8 Compiler V2.41

Linker command line:

-W-3 \
  --edf=E:\Program Files\Microchip\xc8\v2.41\pic\dat\20230208172133_en.msgs \
  -cn -h+dist/default/production\PIC18f_lib.X.production.sym \
  --cmf=dist/default/production\PIC18f_lib.X.production.cmf -z -Q18F4620 \
  -oC:\Users\Unlimited\AppData\Local\Temp\xcAs56c.\driver_tmp_3.o \
  --defsym=__MPLAB_BUILD=1 --fixupoverflow=error \
  -Mdist/default/production/PIC18f_lib.X.production.map \
  --md=C:\Users\Unlimited\AppData\Local\Temp\xcAs56c.\driver_tmp_0.dat -E1 \
  -ver=XC8 Compiler --acfsm=1493 -ACODE=00h-0FFFFh -ACONST=00h-0FFFFh \
  -ASMALLCONST=01000h-010FFhx240 -AMEDIUMCONST=01000h-0FFFFh \
  -ACOMRAM=01h-07Fh -AABS1=00h-0F7Fh -ABIGRAM=01h-0F7Fh \
  -ARAM=080h-0FFh,0100h-01FFhx14,0F00h-0F7Fh -ABANK0=080h-0FFh \
  -ABANK1=0100h-01FFh -ABANK2=0200h-02FFh -ABANK3=0300h-03FFh \
  -ABANK4=0400h-04FFh -ABANK5=0500h-05FFh -ABANK6=0600h-06FFh \
  -ABANK7=0700h-07FFh -ABANK8=0800h-08FFh -ABANK9=0900h-09FFh \
  -ABANK10=0A00h-0AFFh -ABANK11=0B00h-0BFFh -ABANK12=0C00h-0CFFh \
  -ABANK13=0D00h-0DFFh -ABANK14=0E00h-0EFFh -ABANK15=0F00h-0F7Fh \
  -ASFR=0F80h-0FFFh -ABIGSFR=0F80h-0FFFh -ACONFIG=0300000h-030000Dh \
  -AIDLOC=0200000h-0200007h -AEEDATA=0F00000h-0F003FFh -peeprom_data=EEDATA \
  -preset_vec=00h,intcode=08h,intcodelo,powerup,init -pramtop=01000h \
  -psmallconst=SMALLCONST -pmediumconst=MEDIUMCONST -pconst=CONST \
  -AFARRAM=00h-00h \
  -prdata=COMRAM,nvrram=COMRAM,nvbit=COMRAM,rbss=COMRAM,rbit=COMRAM \
  -pfarbss=FARRAM,fardata=FARRAM,nvFARRAM=FARRAM \
  -pintsave_regs=BIGRAM,bigbss=BIGRAM,bigdata=BIGRAM -pbss=RAM \
  -pidata=CODE,irdata=CODE,ibigdata=CODE,ifardata=CODE -prparam=COMRAM \
  C:\Users\Unlimited\AppData\Local\Temp\xcAs56c.\driver_tmp_14.o \
  dist/default/production\PIC18f_lib.X.production.o 

Object code version is 3.11

Machine type is 18F4620



                Name                               Link     Load   Length Selector   Space Scale
C:\Users\Unlimited\AppData\Local\Temp\xcAs56c.\driver_tmp_14.o
                idloc                            200000   200000        8        0       5
                config                           300000   300000        E        0       4
                init                                  E        E        4        4       0
                reset_vec                             0        0        4        0       0
dist/default/production\PIC18f_lib.X.production.o
                intcode                               8        8        6        4       0
                idloc                            200000   200000        8        0       5
                config                           300000   300000        E        0       4
                temp                                 73       73        1        1       1
                smallconst                         1000     1000       16      800       0
                text44                             2570     2570       B6      80B       0
                text43                             2BC4     2BC4       56      80B       0
                text42                             2DE6     2DE6       2E     16DB       0
                text41                             2ECE     2ECE        4     16DB       0
                text40                             2ECA     2ECA        4     16DB       0
                text39                             2EC6     2EC6        4     16DB       0
                text38                             2E8E     2E8E       1A     16DB       0
                text37                             2E74     2E74       1A     16DB       0
                text36                             2E5A     2E5A       1A     16DB       0
                text35                             2E40     2E40       1A     16DB       0
                text34                             2EC2     2EC2        4     16DB       0
                intcode_body                       1440     1440      2E6      80B       0
                text32                             1016     1016      42A      80B       0
                text31                             20F8     20F8      106      80B       0
                text30                             1922     1922      1B4      80B       0
                text29                             297C     297C       6E      80B       0
                text28                             1D8C     1D8C      140      80B       0
                text27                             2B6E     2B6E       56      80B       0
                text26                             2626     2626       B4      80B       0
                text25                             2E14     2E14       2C     16DB       0
                text24                             2EA8     2EA8       16     16DB       0
                text23                             2DB6     2DB6       30     16DB       0
                text22                             21FE     21FE      100      80B       0
                text21                             2A4E     2A4E       64      80B       0
                text20                             2CFA     2CFA       44      80B       0
                text19                             2B10     2B10       5E      80B       0
                text18                             1ECC     1ECC      118      80B       0
                text17                             2D3E     2D3E       3C      80B       0
                text16                             1FE4     1FE4      114      80B       0
                text15                             2AB2     2AB2       5E      80B       0
                text14                             2786     2786       9A      80B       0
                text13                             26DA     26DA       AC      80B       0
                text12                             1AD6     1AD6      176      80B       0
                text11                             289A     289A       74      80B       0
                text10                             29EA     29EA       64      80B       0
                text9                              2ED2     2ED2        2     16DB       0
                text8                              23F0     23F0       CA      80B       0
                text7                              2CB6     2CB6       44      80B       0
                text6                              2820     2820       7A      80B       0
                text5                              22FE     22FE       F2      80B       0
                text4                              1C4C     1C4C      140      80B       0
                text3                              2C1A     2C1A       50      80B       0
                text2                              2C6A     2C6A       4C      80B       0
                text1                              24BA     24BA       B6      80B       0
                text0                              1726     1726      1FC      80B       0
                cstackCOMRAM                          1        1       5C        1       1
                cstackBANK0                          FA       FA        4       80       1
                cstackBANK1                         120      120        7      100       1
                bssBANK1                            100      100       20      100       1
                dataBANK0                            BF       BF       3B       80       1
                bssBANK0                             80       80       3F       80       1
                dataCOMRAM                           6F       6F        4        1       1
                bssCOMRAM                            5D       5D       12        1       1
                cinit                              290E     290E       6E      80B       0
                idataBANK0                         2D7A     2D7A       3B      80B       0
                idataCOMRAM                        2EBE     2EBE        4     16DB       0

TOTAL           Name                               Link     Load   Length     Space
        CLASS   CODE           
                intcode                               8        8        6         0
                init                                  E        E        4         0
                reset_vec                             0        0        4         0
                text44                             2570     2570       B6         0
                text43                             2BC4     2BC4       56         0
                text42                             2DE6     2DE6       2E         0
                text41                             2ECE     2ECE        4         0
                text40                             2ECA     2ECA        4         0
                text39                             2EC6     2EC6        4         0
                text38                             2E8E     2E8E       1A         0
                text37                             2E74     2E74       1A         0
                text36                             2E5A     2E5A       1A         0
                text35                             2E40     2E40       1A         0
                text34                             2EC2     2EC2        4         0
                intcode_body                       1440     1440      2E6         0
                text32                             1016     1016      42A         0
                text31                             20F8     20F8      106         0
                text30                             1922     1922      1B4         0
                text29                             297C     297C       6E         0
                text28                             1D8C     1D8C      140         0
                text27                             2B6E     2B6E       56         0
                text26                             2626     2626       B4         0
                text25                             2E14     2E14       2C         0
                text24                             2EA8     2EA8       16         0
                text23                             2DB6     2DB6       30         0
                text22                             21FE     21FE      100         0
                text21                             2A4E     2A4E       64         0
                text20                             2CFA     2CFA       44         0
                text19                             2B10     2B10       5E         0
                text18                             1ECC     1ECC      118         0
                text17                             2D3E     2D3E       3C         0
                text16                             1FE4     1FE4      114         0
                text15                             2AB2     2AB2       5E         0
                text14                             2786     2786       9A         0
                text13                             26DA     26DA       AC         0
                text12                             1AD6     1AD6      176         0
                text11                             289A     289A       74         0
                text10                             29EA     29EA       64         0
                text9                              2ED2     2ED2        2         0
                text8                              23F0     23F0       CA         0
                text7                              2CB6     2CB6       44         0
                text6                              2820     2820       7A         0
                text5                              22FE     22FE       F2         0
                text4                              1C4C     1C4C      140         0
                text3                              2C1A     2C1A       50         0
                text2                              2C6A     2C6A       4C         0
                text1                              24BA     24BA       B6         0
                text0                              1726     1726      1FC         0
                cinit                              290E     290E       6E         0
                idataBANK0                         2D7A     2D7A       3B         0
                idataCOMRAM                        2EBE     2EBE        4         0

        CLASS   CONST          

        CLASS   SMALLCONST     
                smallconst                         1000     1000       16         0

        CLASS   MEDIUMCONST    

        CLASS   COMRAM         
                temp                                 73       73        1         1
                cstackCOMRAM                          1        1       5C         1
                dataCOMRAM                           6F       6F        4         1
                bssCOMRAM                            5D       5D       12         1

        CLASS   ABS1           

        CLASS   BIGRAM         

        CLASS   RAM            

        CLASS   BANK0          
                cstackBANK0                          FA       FA        4         1
                dataBANK0                            BF       BF       3B         1
                bssBANK0                             80       80       3F         1

        CLASS   BANK1          
                cstackBANK1                         120      120        7         1
                bssBANK1                            100      100       20         1

        CLASS   BANK2          

        CLASS   BANK3          

        CLASS   BANK4          

        CLASS   BANK5          

        CLASS   BANK6          

        CLASS   BANK7          

        CLASS   BANK8          

        CLASS   BANK9          

        CLASS   BANK10         

        CLASS   BANK11         

        CLASS   BANK12         

        CLASS   BANK13         

        CLASS   BANK14         

        CLASS   BANK15         

        CLASS   SFR            

        CLASS   BIGSFR         

        CLASS   CONFIG         
                config                           300000   300000        E         4

        CLASS   IDLOC          
                idloc                            200000   200000        8         5

        CLASS   EEDATA         

        CLASS   FARRAM         

        CLASS   HEAP           

        CLASS   STACK          



SEGMENTS        Name                           Load    Length   Top    Selector   Space  Class

                reset_vec                      000000  000004  000004         0       0  CODE    
                cstackCOMRAM                   000001  000073  000074         1       1  COMRAM  
                intcode                        000008  00000A  000012         4       0  CODE    
                bssBANK0                       000080  00007E  0000FE        80       1  BANK0   
                bssBANK1                       000100  000027  000127       100       1  BANK1   
                smallconst                     001000  000016  001016       800       0  SMALLCON
                text32                         001016  001D9F  002DB5       80B       0  CODE    
                text23                         002DB6  00011E  002ED4      16DB       0  CODE    


UNUSED ADDRESS RANGES

        Name                Unused          Largest block    Delta
        BANK0            0000FE-0000FF                2
        BANK1            000127-0001FF               D9
        BANK10           000A00-000AFF              100
        BANK11           000B00-000BFF              100
        BANK12           000C00-000CFF              100
        BANK13           000D00-000DFF              100
        BANK14           000E00-000EFF              100
        BANK15           000F00-000F7F               80
        BANK2            000200-0002FF              100
        BANK3            000300-0003FF              100
        BANK4            000400-0004FF              100
        BANK5            000500-0005FF              100
        BANK6            000600-0006FF              100
        BANK7            000700-0007FF              100
        BANK8            000800-0008FF              100
        BANK9            000900-0009FF              100
        BIGRAM           000074-00007F                C
                         0000FE-0000FF                2
                         000127-000F7F              E59
        BIGSFR           000F80-000FFF               80
        CODE             000004-000007                4
                         000012-000FFF              FEE
                         002DB5-002DB5                1
                         002ED4-00FFFF             D12C
        COMRAM           000074-00007F                C
        CONST            000004-000007                4
                         000012-000FFF              FEE
                         002DB5-002DB5                1
                         002ED4-00FFFF             D12C
        EEDATA           F00000-F003FF              400
        MEDIUMCONST      002DB5-002DB5                1
                         002ED4-00FFFF             D12C
        RAM              0000FE-0000FF                2
                         000127-000F7F              100
        SFR              000F80-000FFF               80
        SMALLCONST       002DB5-002DB5                1
                         002ED4-00FFFF              100

                                  Symbol Table

?___flmul                                            cstackCOMRAM 00001A
?___fltol                                            cstackCOMRAM 000033
?___lwdiv                                            cstackCOMRAM 00000C
?___lwmod                                            cstackCOMRAM 00000C
?___xxtofl                                           cstackCOMRAM 00000C
?_sprintf                                            cstackCOMRAM 000047
?_vfprintf                                           cstackCOMRAM 00003F
RB4_ISR@flage                                        cstackCOMRAM 000001
RB5_ISR@flage                                        cstackCOMRAM 000001
RB6_ISR@flage                                        cstackCOMRAM 000001
RB7_ISR@flage                                        cstackCOMRAM 000001
_ADCON0bits                                          (abs)        000FC2
_ADCON1bits                                          (abs)        000FC1
_ADCON2bits                                          (abs)        000FC0
_ADC_ISR                                             text42       002DE6
_ADC_Interrupt_handler                               bssCOMRAM    00005F
_ADC_Start                                           bssCOMRAM    000062
_ADC_interrupt                                       text43       002BC4
_ADRESH                                              (abs)        000FC4
_ADRESL                                              (abs)        000FC3
_Degree_1                                            bssCOMRAM    00005D
_Degree_2                                            bssBANK0     000099
_EEADR                                               (abs)        000FA9
_EEADRH                                              (abs)        000FAA
_EECON1bits                                          (abs)        000FA6
_EECON2                                              (abs)        000FA7
_EEDATA                                              (abs)        000FA8
_INT0_ISR                                            text41       002ECE
_INT1_ISR                                            text40       002ECA
_INT2_ISR                                            text39       002EC6
_INTCON2bits                                         (abs)        000FF1
_INTCON3bits                                         (abs)        000FF0
_INTCONbits                                          (abs)        000FF2
_Int0_interrupt_Handeler                             bssBANK0     0000B1
_Int1_interrupt_Handeler                             bssBANK0     0000AF
_Int2_interrupt_Handeler                             bssBANK0     0000AD
_InterruptManagmentHigh                              intcode      000008
_KEYPAD_SHAPE                                        dataBANK0    0000BF
_LATA                                                (abs)        000F89
_LATB                                                (abs)        000F8A
_LATC                                                (abs)        000F8B
_LATD                                                (abs)        000F8C
_LATE                                                (abs)        000F8D
_Lat_Regs                                            dataBANK0    0000D9
_PIE1bits                                            (abs)        000F9D
_PIR1bits                                            (abs)        000F9E
_PORTA                                               (abs)        000F80
_PORTB                                               (abs)        000F81
_PORTBbits                                           (abs)        000F81
_PORTC                                               (abs)        000F82
_PORTD                                               (abs)        000F83
_PORTE                                               (abs)        000F84
_Port_Regs                                           dataBANK0    0000E3
_RB4_HIGH_interrupt_Handeler                         bssBANK0     0000A9
_RB4_ISR                                             text38       002E8E
_RB4_LOW_interrupt_Handeler                          bssBANK0     0000AB
_RB5_HIGH_interrupt_Handeler                         bssBANK0     0000A5
_RB5_ISR                                             text37       002E74
_RB5_LOW_interrupt_Handeler                          bssBANK0     0000A7
_RB6_HIGH_interrupt_Handeler                         bssBANK0     0000A1
_RB6_ISR                                             text36       002E5A
_RB6_LOW_interrupt_Handeler                          bssBANK0     0000A3
_RB7_HIGH_interrupt_Handeler                         bssBANK0     00009D
_RB7_ISR                                             text35       002E40
_RB7_LOW_interrupt_Handeler                          bssBANK0     00009F
_TIMER0_ISR                                          text34       002EC2
_TRISA                                               (abs)        000F92
_TRISB                                               (abs)        000F93
_TRISC                                               (abs)        000F94
_TRISD                                               (abs)        000F95
_TRISE                                               (abs)        000F96
_Tris_Regs                                           dataBANK0    0000CF
__HRAM                                               (abs)        000000
__H__absolute__                                      __absolute__ 000000
__Habs1                                              abs1         000000
__Hbank0                                             bank0        000000
__Hbank1                                             bank1        000000
__Hbank10                                            bank10       000000
__Hbank11                                            bank11       000000
__Hbank12                                            bank12       000000
__Hbank13                                            bank13       000000
__Hbank14                                            bank14       000000
__Hbank15                                            bank15       000000
__Hbank2                                             bank2        000000
__Hbank3                                             bank3        000000
__Hbank4                                             bank4        000000
__Hbank5                                             bank5        000000
__Hbank6                                             bank6        000000
__Hbank7                                             bank7        000000
__Hbank8                                             bank8        000000
__Hbank9                                             bank9        000000
__Hbigbss                                            bigbss       000000
__Hbigdata                                           bigdata      000000
__Hbigram                                            bigram       000000
__Hbigsfr                                            bigsfr       000000
__Hbss                                               bss          000000
__HbssBANK0                                          bssBANK0     000000
__HbssBANK1                                          bssBANK1     000000
__HbssCOMRAM                                         bssCOMRAM    000000
__Hcinit                                             cinit        000000
__Hclrtext                                           clrtext      000000
__Hcomram                                            comram       000000
__Hconfig                                            config       30000E
__Hconst                                             const        000000
__HcstackBANK0                                       cstackBANK0  000000
__HcstackBANK1                                       cstackBANK1  000000
__HcstackCOMRAM                                      cstackCOMRAM 000000
__Hdata                                              data         000000
__HdataBANK0                                         dataBANK0    000000
__HdataCOMRAM                                        dataCOMRAM   000000
__Heeprom_data                                       eeprom_data  000000
__Hfarbss                                            farbss       000000
__Hfardata                                           fardata      000000
__Hheap                                              heap         000000
__Hibigdata                                          ibigdata     000000
__Hidata                                             idata        000000
__HidataBANK0                                        idataBANK0   000000
__HidataCOMRAM                                       idataCOMRAM  000000
__Hidloc                                             idloc        200008
__Hifardata                                          ifardata     000000
__Hinit                                              init         000012
__Hintcode                                           intcode      00000E
__Hintcode_body                                      intcode_body 000000
__Hintcodelo                                         intcodelo    00000E
__Hintentry                                          intentry     000000
__Hintret                                            intret       000000
__Hintsave_regs                                      intsave_regs 000000
__Hirdata                                            irdata       000000
__Hmediumconst                                       mediumconst  000000
__HnvFARRAM                                          nvFARRAM     000000
__Hnvbit                                             nvbit        000000
__Hnvrram                                            nvrram       000000
__Hparam                                             rparam       000000
__Hpowerup                                           powerup      00000E
__Hram                                               ram          000000
__Hramtop                                            ramtop       001000
__Hrbit                                              rbit         000000
__Hrbss                                              rbss         000000
__Hrdata                                             rdata        000000
__Hreset_vec                                         reset_vec    000004
__Hrparam                                            rparam       000000
__Hsfr                                               sfr          000000
__Hsmallconst                                        smallconst   001016
__Hspace_0                                           (abs)        002ED4
__Hspace_1                                           (abs)        000127
__Hspace_2                                           (abs)        000000
__Hspace_4                                           (abs)        60000E
__Hstack                                             stack        000000
__Hstruct                                            struct       000000
__Htemp                                              temp         000074
__Htext                                              text         000000
__Htext0                                             text0        000000
__Htext1                                             text1        000000
__Htext10                                            text10       000000
__Htext11                                            text11       000000
__Htext12                                            text12       000000
__Htext13                                            text13       000000
__Htext14                                            text14       000000
__Htext15                                            text15       000000
__Htext16                                            text16       000000
__Htext17                                            text17       000000
__Htext18                                            text18       000000
__Htext19                                            text19       000000
__Htext2                                             text2        000000
__Htext20                                            text20       000000
__Htext21                                            text21       000000
__Htext22                                            text22       000000
__Htext23                                            text23       000000
__Htext24                                            text24       000000
__Htext25                                            text25       000000
__Htext26                                            text26       000000
__Htext27                                            text27       000000
__Htext28                                            text28       000000
__Htext29                                            text29       000000
__Htext3                                             text3        000000
__Htext30                                            text30       000000
__Htext31                                            text31       000000
__Htext32                                            text32       000000
__Htext34                                            text34       000000
__Htext35                                            text35       000000
__Htext36                                            text36       000000
__Htext37                                            text37       000000
__Htext38                                            text38       000000
__Htext39                                            text39       000000
__Htext4                                             text4        000000
__Htext40                                            text40       000000
__Htext41                                            text41       000000
__Htext42                                            text42       000000
__Htext43                                            text43       000000
__Htext44                                            text44       000000
__Htext45                                            text45       000000
__Htext5                                             text5        000000
__Htext6                                             text6        000000
__Htext7                                             text7        000000
__Htext8                                             text8        000000
__Htext9                                             text9        000000
__LRAM                                               (abs)        000001
__L__absolute__                                      __absolute__ 000000
__Labs1                                              abs1         000000
__Lbank0                                             bank0        000000
__Lbank1                                             bank1        000000
__Lbank10                                            bank10       000000
__Lbank11                                            bank11       000000
__Lbank12                                            bank12       000000
__Lbank13                                            bank13       000000
__Lbank14                                            bank14       000000
__Lbank15                                            bank15       000000
__Lbank2                                             bank2        000000
__Lbank3                                             bank3        000000
__Lbank4                                             bank4        000000
__Lbank5                                             bank5        000000
__Lbank6                                             bank6        000000
__Lbank7                                             bank7        000000
__Lbank8                                             bank8        000000
__Lbank9                                             bank9        000000
__Lbigbss                                            bigbss       000000
__Lbigdata                                           bigdata      000000
__Lbigram                                            bigram       000000
__Lbigsfr                                            bigsfr       000000
__Lbss                                               bss          000000
__LbssBANK0                                          bssBANK0     000000
__LbssBANK1                                          bssBANK1     000000
__LbssCOMRAM                                         bssCOMRAM    000000
__Lcinit                                             cinit        000000
__Lclrtext                                           clrtext      000000
__Lcomram                                            comram       000000
__Lconfig                                            config       000000
__Lconst                                             const        000000
__LcstackBANK0                                       cstackBANK0  000000
__LcstackBANK1                                       cstackBANK1  000000
__LcstackCOMRAM                                      cstackCOMRAM 000000
__Ldata                                              data         000000
__LdataBANK0                                         dataBANK0    000000
__LdataCOMRAM                                        dataCOMRAM   000000
__Leeprom_data                                       eeprom_data  000000
__Lfarbss                                            farbss       000000
__Lfardata                                           fardata      000000
__Lheap                                              heap         000000
__Libigdata                                          ibigdata     000000
__Lidata                                             idata        000000
__LidataBANK0                                        idataBANK0   000000
__LidataCOMRAM                                       idataCOMRAM  000000
__Lidloc                                             idloc        000000
__Lifardata                                          ifardata     000000
__Linit                                              init         00000E
__Lintcode                                           intcode      000008
__Lintcode_body                                      intcode_body 000000
__Lintcodelo                                         intcodelo    00000E
__Lintentry                                          intentry     000000
__Lintret                                            intret       000000
__Lintsave_regs                                      intsave_regs 000000
__Lirdata                                            irdata       000000
__Lmediumconst                                       mediumconst  000000
__LnvFARRAM                                          nvFARRAM     000000
__Lnvbit                                             nvbit        000000
__Lnvrram                                            nvrram       000000
__Lparam                                             rparam       000000
__Lpowerup                                           powerup      00000E
__Lram                                               ram          000000
__Lramtop                                            ramtop       001000
__Lrbit                                              rbit         000000
__Lrbss                                              rbss         000000
__Lrdata                                             rdata        000000
__Lreset_vec                                         reset_vec    000000
__Lrparam                                            rparam       000000
__Lsfr                                               sfr          000000
__Lsmallconst                                        smallconst   001000
__Lspace_0                                           (abs)        000000
__Lspace_1                                           (abs)        000000
__Lspace_2                                           (abs)        000000
__Lspace_4                                           (abs)        000000
__Lstack                                             stack        000000
__Lstruct                                            struct       000000
__Ltemp                                              temp         000073
__Ltext                                              text         000000
__Ltext0                                             text0        000000
__Ltext1                                             text1        000000
__Ltext10                                            text10       000000
__Ltext11                                            text11       000000
__Ltext12                                            text12       000000
__Ltext13                                            text13       000000
__Ltext14                                            text14       000000
__Ltext15                                            text15       000000
__Ltext16                                            text16       000000
__Ltext17                                            text17       000000
__Ltext18                                            text18       000000
__Ltext19                                            text19       000000
__Ltext2                                             text2        000000
__Ltext20                                            text20       000000
__Ltext21                                            text21       000000
__Ltext22                                            text22       000000
__Ltext23                                            text23       000000
__Ltext24                                            text24       000000
__Ltext25                                            text25       000000
__Ltext26                                            text26       000000
__Ltext27                                            text27       000000
__Ltext28                                            text28       000000
__Ltext29                                            text29       000000
__Ltext3                                             text3        000000
__Ltext30                                            text30       000000
__Ltext31                                            text31       000000
__Ltext32                                            text32       000000
__Ltext34                                            text34       000000
__Ltext35                                            text35       000000
__Ltext36                                            text36       000000
__Ltext37                                            text37       000000
__Ltext38                                            text38       000000
__Ltext39                                            text39       000000
__Ltext4                                             text4        000000
__Ltext40                                            text40       000000
__Ltext41                                            text41       000000
__Ltext42                                            text42       000000
__Ltext43                                            text43       000000
__Ltext44                                            text44       000000
__Ltext45                                            text45       000000
__Ltext5                                             text5        000000
__Ltext6                                             text6        000000
__Ltext7                                             text7        000000
__Ltext8                                             text8        000000
__Ltext9                                             text9        000000
__S0                                                 (abs)        002ED4
__S1                                                 (abs)        000127
__S4                                                 (abs)        000000
__S5                                                 (abs)        000000
___flmul                                             text32       001016
___flmul@a                                           cstackCOMRAM 00001E
___flmul@aexp                                        cstackCOMRAM 00002B
___flmul@b                                           cstackCOMRAM 00001A
___flmul@bexp                                        cstackCOMRAM 00002C
___flmul@grs                                         cstackCOMRAM 000027
___flmul@prod                                        cstackCOMRAM 00002D
___flmul@sign                                        cstackCOMRAM 000026
___flmul@temp                                        cstackCOMRAM 000031
___fltol                                             text31       0020F8
___fltol@exp1                                        cstackCOMRAM 00003C
___fltol@f1                                          cstackCOMRAM 000033
___fltol@sign1                                       cstackCOMRAM 00003B
___heap_hi                                           (abs)        000000
___heap_lo                                           (abs)        000000
___inthi_sp                                          stack        000000
___intlo_sp                                          stack        000000
___lwdiv                                             text11       00289A
___lwdiv@counter                                     cstackCOMRAM 000010
___lwdiv@dividend                                    cstackCOMRAM 00000C
___lwdiv@divisor                                     cstackCOMRAM 00000E
___lwdiv@quotient                                    cstackCOMRAM 000011
___lwmod                                             text10       0029EA
___lwmod@counter                                     cstackCOMRAM 000010
___lwmod@dividend                                    cstackCOMRAM 00000C
___lwmod@divisor                                     cstackCOMRAM 00000E
___param_bank                                        (abs)        000000
___rparam_used                                       (abs)        000001
___sp                                                stack        000000
___xxtofl                                            text30       001922
___xxtofl@arg                                        cstackCOMRAM 000016
___xxtofl@exp                                        cstackCOMRAM 000015
___xxtofl@sign                                       cstackCOMRAM 000014
___xxtofl@val                                        cstackCOMRAM 00000C
__accesstop                                          (abs)        000080
__activetblptr                                       (abs)        000003
__end_of_ADC_ISR                                     text42       002E14
__end_of_ADC_interrupt                               text43       002C1A
__end_of_INT0_ISR                                    text41       002ED2
__end_of_INT1_ISR                                    text40       002ECE
__end_of_INT2_ISR                                    text39       002ECA
__end_of_InterruptManagmentHigh                      intcode_body 001726
__end_of_RB4_ISR                                     text38       002EA8
__end_of_RB5_ISR                                     text37       002E8E
__end_of_RB6_ISR                                     text36       002E74
__end_of_RB7_ISR                                     text35       002E5A
__end_of_TIMER0_ISR                                  text34       002EC6
__end_of___flmul                                     text32       001440
__end_of___fltol                                     text31       0021FE
__end_of___lwdiv                                     text11       00290E
__end_of___lwmod                                     text10       002A4E
__end_of___xxtofl                                    text30       001AD6
__end_of__initialization                             cinit        002972
__end_of_adc_Vref_cfg                                text29       0029EA
__end_of_adc_int                                     text26       0026DA
__end_of_adc_pin_cfg                                 text28       001ECC
__end_of_adc_reading_mode_cfg                        text27       002BC4
__end_of_adc_reading_value                           text44       002626
__end_of_adc_select_channel                          text25       002E40
__end_of_adc_start                                   text24       002EBE
__end_of_adc_start_conversion_interrupt              text23       002DE6
__end_of_chr_lcd_4_int                               text16       0020F8
__end_of_chr_lcd_4_send_char                         text15       002B10
__end_of_chr_lcd_4_send_cmd                          text19       002B6E
__end_of_chr_lcd_4_send_string_pos                   text13       002786
__end_of_convert_short_to_str                        text1        002570
__end_of_fputc                                       text8        0024BA
__end_of_fputs                                       text7        002CFA
__end_of_gpio_pin_direction_int                      text18       001FE4
__end_of_gpio_pin_int                                text17       002D7A
__end_of_gpio_pin_write_level                        text22       0022FE
__end_of_lcd_4_bit_pos                               text14       002820
__end_of_lcd_send_4_bit                              text21       002AB2
__end_of_lcd_send_4_bit_enable                       text20       002D3E
__end_of_main                                        text0        001922
__end_of_memset                                      text12       001C4C
__end_of_pad                                         text6        00289A
__end_of_putch                                       text9        002ED4
__end_of_sprintf                                     text2        002CB6
__end_of_utoa                                        text5        0023F0
__end_of_vfpfcnvrt                                   text4        001D8C
__end_of_vfprintf                                    text3        002C6A
__initialization                                     cinit        00290E
__mediumconst                                        mediumconst  000000
__pbssBANK0                                          bssBANK0     000080
__pbssBANK1                                          bssBANK1     000100
__pbssCOMRAM                                         bssCOMRAM    00005D
__pcinit                                             cinit        00290E
__pcstackBANK0                                       cstackBANK0  0000FA
__pcstackBANK1                                       cstackBANK1  000120
__pcstackCOMRAM                                      cstackCOMRAM 000001
__pdataBANK0                                         dataBANK0    0000BF
__pdataCOMRAM                                        dataCOMRAM   00006F
__pidataBANK0                                        idataBANK0   002D7A
__pidataCOMRAM                                       idataCOMRAM  002EBE
__pintcode                                           intcode      000008
__pintcode_body                                      intcode_body 001440
__psmallconst                                        smallconst   001000
__ptext0                                             text0        001726
__ptext1                                             text1        0024BA
__ptext10                                            text10       0029EA
__ptext11                                            text11       00289A
__ptext12                                            text12       001AD6
__ptext13                                            text13       0026DA
__ptext14                                            text14       002786
__ptext15                                            text15       002AB2
__ptext16                                            text16       001FE4
__ptext17                                            text17       002D3E
__ptext18                                            text18       001ECC
__ptext19                                            text19       002B10
__ptext2                                             text2        002C6A
__ptext20                                            text20       002CFA
__ptext21                                            text21       002A4E
__ptext22                                            text22       0021FE
__ptext23                                            text23       002DB6
__ptext24                                            text24       002EA8
__ptext25                                            text25       002E14
__ptext26                                            text26       002626
__ptext27                                            text27       002B6E
__ptext28                                            text28       001D8C
__ptext29                                            text29       00297C
__ptext3                                             text3        002C1A
__ptext30                                            text30       001922
__ptext31                                            text31       0020F8
__ptext32                                            text32       001016
__ptext34                                            text34       002EC2
__ptext35                                            text35       002E40
__ptext36                                            text36       002E5A
__ptext37                                            text37       002E74
__ptext38                                            text38       002E8E
__ptext39                                            text39       002EC6
__ptext4                                             text4        001C4C
__ptext40                                            text40       002ECA
__ptext41                                            text41       002ECE
__ptext42                                            text42       002DE6
__ptext43                                            text43       002BC4
__ptext44                                            text44       002570
__ptext45                                            text45       000000
__ptext5                                             text5        0022FE
__ptext6                                             text6        002820
__ptext7                                             text7        002CB6
__ptext8                                             text8        0023F0
__ptext9                                             text9        002ED2
__ramtop                                             ramtop       001000
__smallconst                                         smallconst   001000
_adc_1                                               dataBANK0    0000ED
_adc_Vref_cfg                                        text29       00297C
_adc_int                                             text26       002626
_adc_pin_cfg                                         text28       001D8C
_adc_reading_mode_cfg                                text27       002B6E
_adc_reading_value                                   text44       002570
_adc_select_channel                                  text25       002E14
_adc_start                                           text24       002EA8
_adc_start_conversion_interrupt                      text23       002DB6
_chr_lcd_4_int                                       text16       001FE4
_chr_lcd_4_send_char                                 text15       002AB2
_chr_lcd_4_send_cmd                                  text19       002B10
_chr_lcd_4_send_string_pos                           text13       0026DA
_conv1                                               bssBANK0     0000B9
_conv2                                               bssBANK0     0000B3
_convert_short_to_str                                text1        0024BA
_dbuf                                                bssBANK1     000100
_flage_4                                             dataCOMRAM   000072
_flage_5                                             dataCOMRAM   000071
_flage_6                                             dataCOMRAM   000070
_flage_7                                             dataCOMRAM   00006F
_flags                                               bssCOMRAM    000061
_fputc                                               text8        0023F0
_fputs                                               text7        002CB6
_gpio_pin_direction_int                              text18       001ECC
_gpio_pin_int                                        text17       002D3E
_gpio_pin_write_level                                text22       0021FE
_lcd                                                 dataBANK0    0000F4
_lcd_4_bit_pos                                       text14       002786
_lcd_send_4_bit                                      text21       002A4E
_lcd_send_4_bit_enable                               text20       002CFA
_main                                                text0        001726
_memset                                              text12       001AD6
_pad                                                 text6        002820
_prec                                                bssBANK0     000097
_putch                                               text9        002ED2
_reading_1                                           bssCOMRAM    00006D
_reading_2                                           bssCOMRAM    00006B
_sprintf                                             text2        002C6A
_timer0_callback_ptr                                 bssBANK0     00009B
_utoa                                                text5        0022FE
_vfpfcnvrt                                           text4        001C4C
_vfprintf                                            text3        002C1A
_width                                               bssBANK0     000095
adc_Vref_cfg@adc                                     cstackCOMRAM 00000C
adc_int@adc                                          cstackCOMRAM 00000F
adc_pin_cfg@analog_channel_select                    cstackCOMRAM 00000E
adc_reading_mode_cfg@adc                             cstackCOMRAM 00000C
adc_reading_value@adc                                cstackCOMRAM 000001
adc_reading_value@value                              cstackCOMRAM 000003
adc_select_channel@adc                               cstackCOMRAM 00000F
adc_select_channel@analog_channel_select             cstackCOMRAM 000011
adc_start@adc                                        cstackCOMRAM 00000C
adc_start_conversion_interrupt@adc                   cstackCOMRAM 000013
adc_start_conversion_interrupt@analog_channel_select cstackCOMRAM 000015
btemp                                                temp         000073
chr_lcd_4_int@i                                      cstackCOMRAM 000024
chr_lcd_4_int@lcd                                    cstackCOMRAM 000020
chr_lcd_4_send_char@data                             cstackCOMRAM 00001F
chr_lcd_4_send_char@lcd                              cstackCOMRAM 00001D
chr_lcd_4_send_cmd@cmd                               cstackCOMRAM 00001F
chr_lcd_4_send_cmd@lcd                               cstackCOMRAM 00001D
chr_lcd_4_send_string_pos@col                        cstackCOMRAM 000029
chr_lcd_4_send_string_pos@data                       cstackCOMRAM 00002A
chr_lcd_4_send_string_pos@i                          cstackCOMRAM 00002E
chr_lcd_4_send_string_pos@lcd                        cstackCOMRAM 000026
chr_lcd_4_send_string_pos@row                        cstackCOMRAM 000028
convert_short_to_str@Temp_str                        cstackBANK1  000120
convert_short_to_str@counter                         cstackBANK1  000126
convert_short_to_str@number                          cstackBANK0  0000FA
convert_short_to_str@str                             cstackBANK0  0000FC
end_of_initialization                                cinit        002972
fputc@c                                              cstackCOMRAM 00000C
fputc@fp                                             cstackCOMRAM 00000E
fputs@c                                              cstackCOMRAM 000019
fputs@fp                                             cstackCOMRAM 000017
fputs@i                                              cstackCOMRAM 00001A
fputs@s                                              cstackCOMRAM 000015
gpio_pin_direction_int@pin_cfg                       cstackCOMRAM 00000C
gpio_pin_int@pin_cfg                                 cstackCOMRAM 000015
gpio_pin_write_level@level                           cstackCOMRAM 00000E
gpio_pin_write_level@pin_cfg                         cstackCOMRAM 00000C
int$flags                                            temp         000073
int_func                                             intcode_body 001440
intlevel0                                            text         000000
intlevel1                                            text         000000
intlevel2                                            text         000000
intlevel3                                            text         000000
isa$std                                              (abs)        000001
isa$xinst                                            (abs)        000000
lcd_4_bit_pos@colmn                                  cstackCOMRAM 000023
lcd_4_bit_pos@lcd                                    cstackCOMRAM 000020
lcd_4_bit_pos@row                                    cstackCOMRAM 000022
lcd_send_4_bit@_data_command                         cstackCOMRAM 000017
lcd_send_4_bit@i                                     cstackCOMRAM 00001C
lcd_send_4_bit@lcd                                   cstackCOMRAM 000015
lcd_send_4_bit_enable@lcd                            cstackCOMRAM 000015
led_int@F3054                                        bssCOMRAM    00006A
led_off@F3064                                        bssCOMRAM    000068
led_on@F3059                                         bssCOMRAM    000069
led_toggel@F3069                                     bssCOMRAM    000067
memset@c                                             cstackCOMRAM 00000E
memset@dest                                          cstackCOMRAM 00000C
memset@k                                             cstackCOMRAM 000014
memset@n                                             cstackCOMRAM 000010
memset@s                                             cstackCOMRAM 000016
pad@buf                                              cstackCOMRAM 00001E
pad@fp                                               cstackCOMRAM 00001C
pad@i                                                cstackCOMRAM 000023
pad@p                                                cstackCOMRAM 000020
pad@w                                                cstackCOMRAM 000025
relay_int@F3053                                      bssCOMRAM    000066
relay_off@F3063                                      bssCOMRAM    000064
relay_on@F3058                                       bssCOMRAM    000065
relay_toggel@F3068                                   bssCOMRAM    000063
sprintf@ap                                           cstackCOMRAM 00004F
sprintf@f                                            cstackCOMRAM 000051
sprintf@fmt                                          cstackCOMRAM 000049
sprintf@s                                            cstackCOMRAM 000047
stackhi                                              (abs)        000000
stacklo                                              (abs)        000000
start                                                init         00000E
start_initialization                                 cinit        00290E
ttemp5                                               temp         000074
ttemp6                                               temp         000077
ttemp7                                               temp         00007B
utoa@d                                               cstackCOMRAM 000029
utoa@fp                                              cstackCOMRAM 000027
utoa@i                                               cstackCOMRAM 00002F
utoa@p                                               cstackCOMRAM 00002D
utoa@w                                               cstackCOMRAM 00002B
vfpfcnvrt@ap                                         cstackCOMRAM 000035
vfpfcnvrt@convarg                                    cstackCOMRAM 000039
vfpfcnvrt@cp                                         cstackCOMRAM 00003D
vfpfcnvrt@fmt                                        cstackCOMRAM 000033
vfpfcnvrt@fp                                         cstackCOMRAM 000031
vfprintf@ap                                          cstackCOMRAM 000043
vfprintf@cfmt                                        cstackCOMRAM 000045
vfprintf@fmt                                         cstackCOMRAM 000041
vfprintf@fp                                          cstackCOMRAM 00003F
wtemp8                                               temp         000074


MODULE INFORMATION

Module		Function		Class		Link	Load	Size
E:\Program Files\Microchip\xc8\v2.41\pic\sources\c99\common\doprnt.c
		_vfpfcnvrt     		CODE           	1C4C	0000	320
		_pad           		CODE           	2820	0000	122
		_vfprintf      		CODE           	2C1A	0000	80
		_utoa          		CODE           	22FE	0000	242

E:\Program Files\Microchip\xc8\v2.41\pic\sources\c99\common\doprnt.c estimated size: 764

E:\Program Files\Microchip\xc8\v2.41\pic\sources\c99\common\nf_fputs.c
		_fputs         		CODE           	2CB6	0000	68

E:\Program Files\Microchip\xc8\v2.41\pic\sources\c99\common\nf_fputs.c estimated size: 68

E:\Program Files\Microchip\xc8\v2.41\pic\sources\c99\common\sprcmul.c
		___flmul       		CODE           	1016	0000	1066

E:\Program Files\Microchip\xc8\v2.41\pic\sources\c99\common\sprcmul.c estimated size: 1066

E:\Program Files\Microchip\xc8\v2.41\pic\sources\c99\common\lwmod.c
		___lwmod       		CODE           	29EA	0000	100

E:\Program Files\Microchip\xc8\v2.41\pic\sources\c99\common\lwmod.c estimated size: 100

E:\Program Files\Microchip\xc8\v2.41\pic\sources\c99\common\putch.c
		_putch         		CODE           	2ED2	0000	2

E:\Program Files\Microchip\xc8\v2.41\pic\sources\c99\common\putch.c estimated size: 2

MCAL_Layer/Interrupt/Interrupt_external.c
		_RB4_ISR       		CODE           	2E8E	0000	26
		_RB5_ISR       		CODE           	2E74	0000	26
		_RB6_ISR       		CODE           	2E5A	0000	26
		_RB7_ISR       		CODE           	2E40	0000	26
		_INT0_ISR      		CODE           	2ECE	0000	4
		_INT1_ISR      		CODE           	2ECA	0000	4
		_INT2_ISR      		CODE           	2EC6	0000	4

MCAL_Layer/Interrupt/Interrupt_external.c estimated size: 116

MCAL_Layer/GPIO/GPIO.c
		_gpio_pin_write_level		CODE           	21FE	0000	256
		_gpio_pin_direction_int		CODE           	1ECC	0000	280
		_gpio_pin_int  		CODE           	2D3E	0000	60

MCAL_Layer/GPIO/GPIO.c estimated size: 596

MCAL_Layer/Interrupt/Interrupt_managment.c
		_InterruptManagmentHigh		CODE           	0008	0000	748

MCAL_Layer/Interrupt/Interrupt_managment.c estimated size: 748

Application.c
		_ADC_interrupt 		CODE           	2BC4	0000	86
		_main          		CODE           	1726	0000	508

Application.c estimated size: 594

E:\Program Files\Microchip\xc8\v2.41\pic\sources\c99\common\xxtofl.c
		___xxtofl      		CODE           	1922	0000	436

E:\Program Files\Microchip\xc8\v2.41\pic\sources\c99\common\xxtofl.c estimated size: 436

E:\Program Files\Microchip\xc8\v2.41\pic\sources\c99\common\nf_sprintf.c
		_sprintf       		CODE           	2C6A	0000	76

E:\Program Files\Microchip\xc8\v2.41\pic\sources\c99\common\nf_sprintf.c estimated size: 76

E:\Program Files\Microchip\xc8\v2.41\pic\sources\c99\common\nf_fputc.c
		_fputc         		CODE           	23F0	0000	202

E:\Program Files\Microchip\xc8\v2.41\pic\sources\c99\common\nf_fputc.c estimated size: 202

E:\Program Files\Microchip\xc8\v2.41\pic\sources\c99\common\lwdiv.c
		___lwdiv       		CODE           	289A	0000	116

E:\Program Files\Microchip\xc8\v2.41\pic\sources\c99\common\lwdiv.c estimated size: 116

E:\Program Files\Microchip\xc8\v2.41\pic\sources\c99\common\fltol.c
		___fltol       		CODE           	20F8	0000	262

E:\Program Files\Microchip\xc8\v2.41\pic\sources\c99\common\fltol.c estimated size: 262

shared
		__initialization		CODE           	290E	0000	100

shared estimated size: 100

E:\Program Files\Microchip\xc8\v2.41\pic\sources\c99\common\memset.c
		_memset        		CODE           	1AD6	0000	374

E:\Program Files\Microchip\xc8\v2.41\pic\sources\c99\common\memset.c estimated size: 374

MCAL_Layer/Timer/timer0.c
		_TIMER0_ISR    		CODE           	2EC2	0000	4

MCAL_Layer/Timer/timer0.c estimated size: 4

MCAL_Layer/ADC/ADC.c
		_adc_reading_value		CODE           	2570	0000	182
		_adc_select_channel		CODE           	2E14	0000	44
		_adc_start     		CODE           	2EA8	0000	22
		_adc_Vref_cfg  		CODE           	297C	0000	110
		_adc_reading_mode_cfg		CODE           	2B6E	0000	86
		_adc_int       		CODE           	2626	0000	180
		_adc_start_conversion_interrupt		CODE           	2DB6	0000	48
		_adc_pin_cfg   		CODE           	1D8C	0000	320
		_ADC_ISR       		CODE           	2DE6	0000	46

MCAL_Layer/ADC/ADC.c estimated size: 1038

ECU_Layer/chr_lcd/chr_lcd.c
		_chr_lcd_4_int 		CODE           	1FE4	0000	276
		_lcd_4_bit_pos 		CODE           	2786	0000	154
		_chr_lcd_4_send_char		CODE           	2AB2	0000	94
		_chr_lcd_4_send_string_pos		CODE           	26DA	0000	172
		_chr_lcd_4_send_cmd		CODE           	2B10	0000	94
		_lcd_send_4_bit_enable		CODE           	2CFA	0000	68
		_convert_short_to_str		CODE           	24BA	0000	182
		_lcd_send_4_bit		CODE           	2A4E	0000	100

ECU_Layer/chr_lcd/chr_lcd.c estimated size: 1140

